// Jest Snapshot v1, https://goo.gl/fbAQLP

exports[`Format: assignments.ftl: assignments.ftl 1`] = `
<#assign string   = " string example " /><#assign number =  1   />
~~~~~~~~~~~~~~~~~~~~~~~~~~~~~~~~~~~~~~~~~~~~~~~~~~~~~~~~~~~~~~~~~~~~~~~~~~~~~~~~
<#assign string = " string example "/>
<#assign number = 1/>

`;
