// Jest Snapshot v1, https://goo.gl/fbAQLP

exports[`Format: multi-level.ftl: multi-level.ftl 1`] = `
    <#assign someOtherVariable    =3/>
  <#if context.variable == "some string" &&
        someOtherVariable lte fooBar
    >
      <#assign fooBar    =3/>
</#if><#if context.variable == "some string" &&
        someOtherVariable lte fooBar
    >
      <#assign fooBar    =3/>
</#if>~~~~~~~~~~~~~~~~~~~~~~~~~~~~~~~~~~~~~~~~~~~~~~~~~~~~~~~~~~~~~~~~~~~~~~~~~~~~~~~~
<#assign someOtherVariable = 3/>
<#if context.variable == "some string" && someOtherVariable lte fooBar>
  <#assign fooBar = 3/>
</#if>
<#if context.variable == "some string" && someOtherVariable lte fooBar>
  <#assign fooBar = 3/>
</#if>

`;
